Context from previous failed attempt:
Previous Error/Analysis: Agent analysis indicates deployment failure or fix attempt
Previous Agent Response: N/A

Based on the previous attempt's failure, re-analyze the following new build logs for deployment of project 'project-build-a-production-ready-w'. If the deployment was successful, respond ONLY with the exact phrase "Deployment successful.". If it failed again, identify the root cause (considering the previous failure) and use the available tools to modify the code and fix the error(s). Provide a summary of the fix if applied.

CURRENT BUILD LOGS:
```

=== Job: Deploy to Cloud Run ===
2025-12-30T19:16:14.0796056Z Current runner version: '2.330.0'
2025-12-30T19:16:14.0819683Z ##[group]Runner Image Provisioner
2025-12-30T19:16:14.0820807Z Hosted Compute Agent
2025-12-30T19:16:14.0821607Z Version: 20251211.462
2025-12-30T19:16:14.0822488Z Commit: 6cbad8c2bb55d58165063d031ccabf57e2d2db61
2025-12-30T19:16:14.0824267Z Build Date: 2025-12-11T16:28:49Z
2025-12-30T19:16:14.0826054Z Worker ID: ***e7396b4e-477c-4fe9-8597-8b954ae895cf***
2025-12-30T19:16:14.0827741Z ##[endgroup]
2025-12-30T19:16:14.0829194Z ##[group]Operating System
2025-12-30T19:16:14.0830643Z Ubuntu
2025-12-30T19:16:14.0832018Z 24.04.3
2025-12-30T19:16:14.0833185Z LTS
2025-12-30T19:16:14.0834744Z ##[endgroup]
2025-12-30T19:16:14.0835998Z ##[group]Runner Image
2025-12-30T19:16:14.0837425Z Image: ubuntu-24.04
2025-12-30T19:16:14.0838713Z Version: 20251215.174.1
2025-12-30T19:16:14.0841194Z Included Software: https://github.com/actions/runner-images/blob/ubuntu24/20251215.174/images/ubuntu/Ubuntu2404-Readme.md
2025-12-30T19:16:14.0844685Z Image Release: https://github.com/actions/runner-images/releases/tag/ubuntu24%2F20251215.174
2025-12-30T19:16:14.0847132Z ##[endgroup]
2025-12-30T19:16:14.0849881Z ##[group]GITHUB_TOKEN Permissions
2025-12-30T19:16:14.0853090Z Contents: read
2025-12-30T19:16:14.0855788Z Metadata: read
2025-12-30T19:16:14.0857198Z ##[endgroup]
2025-12-30T19:16:14.0860346Z Secret source: Actions
2025-12-30T19:16:14.0861972Z Prepare workflow directory
2025-12-30T19:16:14.1465810Z Prepare all required actions
2025-12-30T19:16:14.1520030Z Getting action download info
2025-12-30T19:16:14.4588413Z Download action repository 'actions/checkout@v4' (SHA:34e114876b0b11c390a56381ad16ebd13914f8d5)
2025-12-30T19:16:14.5904281Z Download action repository 'google-github-actions/auth@v2' (SHA:c200f3691d83b41bf9bbd8638997a462592937ed)
2025-12-30T19:16:15.2314988Z Download action repository 'google-github-actions/setup-gcloud@v2' (SHA:e427ad8a34f8676edf47cf7d7925499adf3eb74f)
2025-12-30T19:16:15.7395997Z Complete job name: Deploy to Cloud Run
2025-12-30T19:16:15.8128136Z ##[group]Run actions/checkout@v4
2025-12-30T19:16:15.8129315Z with:
2025-12-30T19:16:15.8130266Z   repository: VersaceXcodes/project-build-a-production-ready-w
2025-12-30T19:16:15.8131751Z   token: ***
2025-12-30T19:16:15.8132382Z   ssh-strict: true
2025-12-30T19:16:15.8133039Z   ssh-user: git
2025-12-30T19:16:15.8133718Z   persist-credentials: true
2025-12-30T19:16:15.8134659Z   clean: true
2025-12-30T19:16:15.8135336Z   sparse-checkout-cone-mode: true
2025-12-30T19:16:15.8136189Z   fetch-depth: 1
2025-12-30T19:16:15.8136861Z   fetch-tags: false
2025-12-30T19:16:15.8137542Z   show-progress: true
2025-12-30T19:16:15.8138237Z   lfs: false
2025-12-30T19:16:15.8138855Z   submodules: false
2025-12-30T19:16:15.8139553Z   set-safe-directory: true
2025-12-30T19:16:15.8140523Z env:
2025-12-30T19:16:15.8141191Z   PROJECT_ID: ***
2025-12-30T19:16:15.8142035Z   SERVICE_NAME: project-build-a-production-ready-w
2025-12-30T19:16:15.8143074Z   REGION: us-central1
2025-12-30T19:16:15.8143799Z ##[endgroup]
2025-12-30T19:16:15.9212422Z Syncing repository: VersaceXcodes/project-build-a-production-ready-w
2025-12-30T19:16:15.9215397Z ##[group]Getting Git version info
2025-12-30T19:16:15.9217302Z Working directory is '/home/runner/work/project-build-a-production-ready-w/project-build-a-production-ready-w'
2025-12-30T19:16:15.9219686Z [command]/usr/bin/git version
2025-12-30T19:16:15.9315520Z git version 2.52.0
2025-12-30T19:16:15.9341061Z ##[endgroup]
2025-12-30T19:16:15.9355184Z Temporarily overriding HOME='/home/runner/work/_temp/d23c9ee5-ca37-4b4e-a7f5-45a0f463c755' before making global git config changes
2025-12-30T19:16:15.9357805Z Adding repository directory to the temporary git global config as a safe directory
2025-12-30T19:16:15.9367463Z [command]/usr/bin/git config --global --add safe.directory /home/runner/work/project-build-a-production-ready-w/project-build-a-production-ready-w
2025-12-30T19:16:15.9404947Z Deleting the contents of '/home/runner/work/project-build-a-production-ready-w/project-build-a-production-ready-w'
2025-12-30T19:16:15.9408237Z ##[group]Initializing the repository
2025-12-30T19:16:15.9412270Z [command]/usr/bin/git init /home/runner/work/project-build-a-production-ready-w/project-build-a-production-ready-w
2025-12-30T19:16:15.9592382Z hint: Using 'master' as the name for the initial branch. This default branch name
2025-12-30T19:16:15.9594413Z hint: will change to "main" in Git 3.0. To configure the initial branch name
2025-12-30T19:16:15.9596207Z hint: to use in all of your new repositories, which will suppress this warning,
2025-12-30T19:16:15.9598144Z hint: call:
2025-12-30T19:16:15.9598806Z hint:
2025-12-30T19:16:15.9599675Z hint: 	git config --global init.defaultBranch <name>
2025-12-30T19:16:15.9600778Z hint:
2025-12-30T19:16:15.9601850Z hint: Names commonly chosen instead of 'master' are 'main', 'trunk' and
2025-12-30T19:16:15.9603703Z hint: 'development'. The just-created branch can be renamed via this command:
2025-12-30T19:16:15.9605240Z hint:
2025-12-30T19:16:15.9605899Z hint: 	git branch -m <name>
2025-12-30T19:16:15.9606652Z hint:
2025-12-30T19:16:15.9608025Z hint: Disable this message with "git config set advice.defaultBranchName false"
2025-12-30T19:16:15.9610622Z Initialized empty Git repository in /home/runner/work/project-build-a-production-ready-w/project-build-a-production-ready-w/.git/
2025-12-30T19:16:15.9614723Z [command]/usr/bin/git remote add origin https://github.com/VersaceXcodes/project-build-a-production-ready-w
2025-12-30T19:16:15.9651110Z ##[endgroup]
2025-12-30T19:16:15.9652339Z ##[group]Disabling automatic garbage collection
2025-12-30T19:16:15.9653442Z [command]/usr/bin/git config --local gc.auto 0
2025-12-30T19:16:15.9679988Z ##[endgroup]
2025-12-30T19:16:15.9681083Z ##[group]Setting up auth
2025-12-30T19:16:15.9686978Z [command]/usr/bin/git config --local --name-only --get-regexp core\.sshCommand
2025-12-30T19:16:15.9716879Z [command]/usr/bin/git submodule foreach --recursive sh -c "git config --local --name-only --get-regexp 'core\.sshCommand' && git config --local --unset-all 'core.sshCommand' || :"
2025-12-30T19:16:16.0099954Z [command]/usr/bin/git config --local --name-only --get-regexp http\.https\:\/\/github\.com\/\.extraheader
2025-12-30T19:16:16.0128774Z [command]/usr/bin/git submodule foreach --recursive sh -c "git config --local --name-only --get-regexp 'http\.https\:\/\/github\.com\/\.extraheader' && git config --local --unset-all 'http.https://github.com/.extraheader' || :"
2025-12-30T19:16:16.0344421Z [command]/usr/bin/git config --local --name-only --get-regexp ^includeIf\.gitdir:
2025-12-30T19:16:16.0420427Z [command]/usr/bin/git submodule foreach --recursive git config --local --show-origin --name-only --get-regexp remote.origin.url
2025-12-30T19:16:16.0620404Z [command]/usr/bin/git config --local http.https://github.com/.extraheader AUTHORIZATION: basic ***
2025-12-30T19:16:16.0654834Z ##[endgroup]
2025-12-30T19:16:16.0656097Z ##[group]Fetching the repository
2025-12-30T19:16:16.0663843Z [command]/usr/bin/git -c protocol.version=2 fetch --no-tags --prune --no-recurse-submodules --depth=1 origin +e07d9cba0b903529f9a5c37c71b6d4cf086e3a3e:refs/remotes/origin/main
2025-12-30T19:16:16.7186913Z From https://github.com/VersaceXcodes/project-build-a-production-ready-w
2025-12-30T19:16:16.7188008Z  * [new ref]         e07d9cba0b903529f9a5c37c71b6d4cf086e3a3e -> origin/main
2025-12-30T19:16:16.7220343Z ##[endgroup]
2025-12-30T19:16:16.7221026Z ##[group]Determining the checkout info
2025-12-30T19:16:16.7222610Z ##[endgroup]
2025-12-30T19:16:16.7227727Z [command]/usr/bin/git sparse-checkout disable
2025-12-30T19:16:16.7269237Z [command]/usr/bin/git config --local --unset-all extensions.worktreeConfig
2025-12-30T19:16:16.7293203Z ##[group]Checking out the ref
2025-12-30T19:16:16.7297113Z [command]/usr/bin/git checkout --progress --force -B main refs/remotes/origin/main
2025-12-30T19:16:16.7689017Z Switched to a new branch 'main'
2025-12-30T19:16:16.7691654Z branch 'main' set up to track 'origin/main'.
2025-12-30T19:16:16.7700791Z ##[endgroup]
2025-12-30T19:16:16.7733651Z [command]/usr/bin/git log -1 --format=%H
2025-12-30T19:16:16.7755081Z e07d9cba0b903529f9a5c37c71b6d4cf086e3a3e
2025-12-30T19:16:16.7984505Z ##[group]Run google-github-actions/auth@v2
2025-12-30T19:16:16.7984962Z with:
2025-12-30T19:16:16.7994900Z   credentials_json: ***
2025-12-30T19:16:16.7995270Z   create_credentials_file: true
2025-12-30T19:16:16.7995659Z   export_environment_variables: true
2025-12-30T19:16:16.7996051Z   universe: googleapis.com
2025-12-30T19:16:16.7996406Z   cleanup_credentials: true
2025-12-30T19:16:16.7996758Z   access_token_lifetime: 3600s
2025-12-30T19:16:16.7997226Z   access_token_scopes: https://www.googleapis.com/auth/cloud-platform
2025-12-30T19:16:16.7997728Z   id_token_include_email: false
2025-12-30T19:16:16.7998072Z env:
2025-12-30T19:16:16.7998384Z   PROJECT_ID: ***
2025-12-30T19:16:16.7998765Z   SERVICE_NAME: project-build-a-production-ready-w
2025-12-30T19:16:16.7999190Z   REGION: us-central1
2025-12-30T19:16:16.7999504Z ##[endgroup]
2025-12-30T19:16:16.8858430Z Created credentials file at "/home/runner/work/project-build-a-production-ready-w/project-build-a-production-ready-w/gha-creds-4a8e62630bc3634e.json"
2025-12-30T19:16:16.9015859Z ##[group]Run google-github-actions/setup-gcloud@v2
2025-12-30T19:16:16.9016337Z with:
2025-12-30T19:16:16.9016643Z   version: latest
2025-12-30T19:16:16.9016966Z   skip_install: false
2025-12-30T19:16:16.9017299Z   skip_tool_cache: false
2025-12-30T19:16:16.9017624Z env:
2025-12-30T19:16:16.9017970Z   PROJECT_ID: ***
2025-12-30T19:16:16.9018351Z   SERVICE_NAME: project-build-a-production-ready-w
2025-12-30T19:16:16.9018781Z   REGION: us-central1
2025-12-30T19:16:16.9019586Z   CLOUDSDK_AUTH_CREDENTIAL_FILE_OVERRIDE: /home/runner/work/project-build-a-production-ready-w/project-build-a-production-ready-w/gha-creds-4a8e62630bc3634e.json
2025-12-30T19:16:16.9020842Z   GOOGLE_APPLICATION_CREDENTIALS: /home/runner/work/project-build-a-production-ready-w/project-build-a-production-ready-w/gha-creds-4a8e62630bc3634e.json
2025-12-30T19:16:16.9022070Z   GOOGLE_GHA_CREDS_PATH: /home/runner/work/project-build-a-production-ready-w/project-build-a-production-ready-w/gha-creds-4a8e62630bc3634e.json
2025-12-30T19:16:16.9022887Z   CLOUDSDK_CORE_PROJECT: ***
2025-12-30T19:16:16.9023270Z   CLOUDSDK_PROJECT: ***
2025-12-30T19:16:16.9023634Z   GCLOUD_PROJECT: ***
2025-12-30T19:16:16.9023976Z   GCP_PROJECT: ***
2025-12-30T19:16:16.9024524Z   GOOGLE_CLOUD_PROJECT: ***
2025-12-30T19:16:16.9024869Z ##[endgroup]
2025-12-30T19:16:19.6625495Z [command]/usr/bin/tar xz --warning=no-unknown-keyword --overwrite -C /home/runner/work/_temp/d9a197a7-b9b4-4084-8b43-9746d3ef66fc -f /home/runner/work/_temp/4fc88cbe-25c5-49d9-aebe-fb80d6ad36e4
2025-12-30T19:16:39.5955833Z Successfully authenticated
2025-12-30T19:16:39.6130930Z ##[group]Run gcloud auth configure-docker --quiet
2025-12-30T19:16:39.6131435Z [36;1mgcloud auth configure-docker --quiet[0m
2025-12-30T19:16:39.6168315Z shell: /usr/bin/bash -e ***0***
2025-12-30T19:16:39.6168641Z env:
2025-12-30T19:16:39.6168911Z   PROJECT_ID: ***
2025-12-30T19:16:39.6169267Z   SERVICE_NAME: project-build-a-production-ready-w
2025-12-30T19:16:39.6169642Z   REGION: us-central1
2025-12-30T19:16:39.6170369Z   CLOUDSDK_AUTH_CREDENTIAL_FILE_OVERRIDE: /home/runner/work/project-build-a-production-ready-w/project-build-a-production-ready-w/gha-creds-4a8e62630bc3634e.json
2025-12-30T19:16:39.6171553Z   GOOGLE_APPLICATION_CREDENTIALS: /home/runner/work/project-build-a-production-ready-w/project-build-a-production-ready-w/gha-creds-4a8e62630bc3634e.json
2025-12-30T19:16:39.6172627Z   GOOGLE_GHA_CREDS_PATH: /home/runner/work/project-build-a-production-ready-w/project-build-a-production-ready-w/gha-creds-4a8e62630bc3634e.json
2025-12-30T19:16:39.6173353Z   CLOUDSDK_CORE_PROJECT: ***
2025-12-30T19:16:39.6173672Z   CLOUDSDK_PROJECT: ***
2025-12-30T19:16:39.6173966Z   GCLOUD_PROJECT: ***
2025-12-30T19:16:39.6174559Z   GCP_PROJECT: ***
2025-12-30T19:16:39.6174861Z   GOOGLE_CLOUD_PROJECT: ***
2025-12-30T19:16:39.6175210Z   CLOUDSDK_METRICS_ENVIRONMENT: github-actions-setup-gcloud
2025-12-30T19:16:39.6175820Z   CLOUDSDK_METRICS_ENVIRONMENT_VERSION: 2.2.1
2025-12-30T19:16:39.6176142Z ##[endgroup]
2025-12-30T19:16:40.1514298Z Adding credentials for all GCR repositories.
2025-12-30T19:16:40.1515781Z WARNING: A long list of credential helpers may cause delays running 'docker build'. We recommend passing the registry name to configure only the registry you are using.
2025-12-30T19:16:40.1697575Z Docker configuration file updated.
2025-12-30T19:16:40.2541154Z ##[group]Run docker build --no-cache -t gcr.io/$PROJECT_ID/$SERVICE_NAME:e07d9cba0b903529f9a5c37c71b6d4cf086e3a3e .
2025-12-30T19:16:40.2542044Z [36;1mdocker build --no-cache -t gcr.io/$PROJECT_ID/$SERVICE_NAME:e07d9cba0b903529f9a5c37c71b6d4cf086e3a3e .[0m
2025-12-30T19:16:40.2542861Z [36;1mdocker tag gcr.io/$PROJECT_ID/$SERVICE_NAME:e07d9cba0b903529f9a5c37c71b6d4cf086e3a3e gcr.io/$PROJECT_ID/$SERVICE_NAME:latest[0m
2025-12-30T19:16:40.2575040Z shell: /usr/bin/bash -e ***0***
2025-12-30T19:16:40.2575364Z env:
2025-12-30T19:16:40.2575646Z   PROJECT_ID: ***
2025-12-30T19:16:40.2576002Z   SERVICE_NAME: project-build-a-production-ready-w
2025-12-30T19:16:40.2576398Z   REGION: us-central1
2025-12-30T19:16:40.2577124Z   CLOUDSDK_AUTH_CREDENTIAL_FILE_OVERRIDE: /home/runner/work/project-build-a-production-ready-w/project-build-a-production-ready-w/gha-creds-4a8e62630bc3634e.json
2025-12-30T19:16:40.2578315Z   GOOGLE_APPLICATION_CREDENTIALS: /home/runner/work/project-build-a-production-ready-w/project-build-a-production-ready-w/gha-creds-4a8e62630bc3634e.json
2025-12-30T19:16:40.2579417Z   GOOGLE_GHA_CREDS_PATH: /home/runner/work/project-build-a-production-ready-w/project-build-a-production-ready-w/gha-creds-4a8e62630bc3634e.json
2025-12-30T19:16:40.2580117Z   CLOUDSDK_CORE_PROJECT: ***
2025-12-30T19:16:40.2580445Z   CLOUDSDK_PROJECT: ***
2025-12-30T19:16:40.2580734Z   GCLOUD_PROJECT: ***
2025-12-30T19:16:40.2581024Z   GCP_PROJECT: ***
2025-12-30T19:16:40.2581303Z   GOOGLE_CLOUD_PROJECT: ***
2025-12-30T19:16:40.2581664Z   CLOUDSDK_METRICS_ENVIRONMENT: github-actions-setup-gcloud
2025-12-30T19:16:40.2582078Z   CLOUDSDK_METRICS_ENVIRONMENT_VERSION: 2.2.1
2025-12-30T19:16:40.2582403Z ##[endgroup]
2025-12-30T19:16:40.8465771Z #0 building with "default" instance using docker driver
2025-12-30T19:16:40.8466265Z 
2025-12-30T19:16:40.8466550Z #1 [internal] load build definition from Dockerfile
2025-12-30T19:16:40.8467226Z #1 transferring dockerfile: 1.81kB done
2025-12-30T19:16:40.8467777Z #1 DONE 0.0s
2025-12-30T19:16:40.8468013Z 
2025-12-30T19:16:40.8468317Z #2 [auth] library/node:pull token for registry-1.docker.io
2025-12-30T19:16:40.9967317Z #2 DONE 0.0s
2025-12-30T19:16:40.9967793Z 
2025-12-30T19:16:40.9968272Z #3 [internal] load metadata for docker.io/library/node:18-slim
2025-12-30T19:16:41.4038745Z #3 DONE 0.7s
2025-12-30T19:16:41.5248708Z 
2025-12-30T19:16:41.5249222Z #4 [internal] load .dockerignore
2025-12-30T19:16:41.5249818Z #4 transferring context: 165B done
2025-12-30T19:16:41.5250363Z #4 DONE 0.0s
2025-12-30T19:16:41.5250608Z 
2025-12-30T19:16:41.5250891Z #5 [internal] load build context
2025-12-30T19:16:41.5252820Z #5 transferring context: 7.95MB 0.1s done
2025-12-30T19:16:41.5253403Z #5 DONE 0.1s
2025-12-30T19:16:41.5253662Z 
2025-12-30T19:16:41.5254395Z #6 [frontend-build  1/10] FROM docker.io/library/node:18-slim@sha256:f9ab18e354e6855ae56ef2b290dd225c1e51a564f87584b9bd21dd651838830e
2025-12-30T19:16:41.5255486Z #6 resolve docker.io/library/node:18-slim@sha256:f9ab18e354e6855ae56ef2b290dd225c1e51a564f87584b9bd21dd651838830e done
2025-12-30T19:16:41.5256684Z #6 sha256:fc3faf127a182135fd956e68d570b1932a758f8008866d8dd6e131cf89de9605 1.93kB / 1.93kB done
2025-12-30T19:16:41.5257749Z #6 sha256:101e0128c8ea90af6e5eba2abbae8486503c6383c35cb30e2c60842a5a288479 6.54kB / 6.54kB done
2025-12-30T19:16:41.5258527Z #6 sha256:61320b01ae5e0798393ef25f2dc72faf43703e60ba089b07d7170acbabbf8f62 0B / 28.23MB 0.1s
2025-12-30T19:16:41.5259320Z #6 sha256:b98d3ae1ab80d768fc7be41c07c4757d205cc33d2d26261b8273defb45455315 0B / 3.31kB 0.1s
2025-12-30T19:16:41.5260410Z #6 sha256:b1831021e35a69864dfc4c89eab9ab1232cf3508c787b082c55ee386c5c8527d 0B / 38.25MB 0.1s
2025-12-30T19:16:41.5261161Z #6 sha256:f9ab18e354e6855ae56ef2b290dd225c1e51a564f87584b9bd21dd651838830e 6.49kB / 6.49kB done
2025-12-30T19:16:41.7251623Z #6 sha256:61320b01ae5e0798393ef25f2dc72faf43703e60ba089b07d7170acbabbf8f62 8.39MB / 28.23MB 0.3s
2025-12-30T19:16:41.7253027Z #6 sha256:b98d3ae1ab80d768fc7be41c07c4757d205cc33d2d26261b8273defb45455315 3.31kB / 3.31kB 0.2s done
2025-12-30T19:16:41.7254434Z #6 sha256:b1831021e35a69864dfc4c89eab9ab1232cf3508c787b082c55ee386c5c8527d 36.70MB / 38.25MB 0.3s
2025-12-30T19:16:41.7255624Z #6 sha256:c768ab8cba73bb84835e67ed974c93e3e0e3ce1f67a73802422d66021fc9a07a 0B / 1.71MB 0.3s
2025-12-30T19:16:41.8981400Z #6 sha256:61320b01ae5e0798393ef25f2dc72faf43703e60ba089b07d7170acbabbf8f62 20.97MB / 28.23MB 0.4s
2025-12-30T19:16:41.8982598Z #6 sha256:b1831021e35a69864dfc4c89eab9ab1232cf3508c787b082c55ee386c5c8527d 38.25MB / 38.25MB 0.3s done
2025-12-30T19:16:41.8984174Z #6 sha256:c768ab8cba73bb84835e67ed974c93e3e0e3ce1f67a73802422d66021fc9a07a 1.71MB / 1.71MB 0.3s done
2025-12-30T19:16:41.8985325Z #6 sha256:8c994cf49dd19aec88c96926e1a13b36a8f3e159942a5a2d0a9e2dc3e9e6c3dc 0B / 448B 0.4s
2025-12-30T19:16:41.8986266Z #6 extracting sha256:61320b01ae5e0798393ef25f2dc72faf43703e60ba089b07d7170acbabbf8f62
2025-12-30T19:16:41.9991708Z #6 sha256:61320b01ae5e0798393ef25f2dc72faf43703e60ba089b07d7170acbabbf8f62 28.23MB / 28.23MB 0.4s done
2025-12-30T19:16:41.9993441Z #6 sha256:8c994cf49dd19aec88c96926e1a13b36a8f3e159942a5a2d0a9e2dc3e9e6c3dc 448B / 448B 0.4s done
2025-12-30T19:16:42.9805096Z #6 extracting sha256:61320b01ae5e0798393ef25f2dc72faf43703e60ba089b07d7170acbabbf8f62 1.1s done
2025-12-30T19:16:43.1590103Z #6 extracting sha256:b98d3ae1ab80d768fc7be41c07c4757d205cc33d2d26261b8273defb45455315 done
2025-12-30T19:16:44.2564502Z #6 extracting sha256:b1831021e35a69864dfc4c89eab9ab1232cf3508c787b082c55ee386c5c8527d
2025-12-30T19:16:45.3878174Z #6 extracting sha256:b1831021e35a69864dfc4c89eab9ab1232cf3508c787b082c55ee386c5c8527d 1.0s done
2025-12-30T19:16:45.3879529Z #6 extracting sha256:c768ab8cba73bb84835e67ed974c93e3e0e3ce1f67a73802422d66021fc9a07a 0.0s done
2025-12-30T19:16:45.4884755Z #6 extracting sha256:8c994cf49dd19aec88c96926e1a13b36a8f3e159942a5a2d0a9e2dc3e9e6c3dc done
2025-12-30T19:16:45.4885901Z #6 DONE 4.0s
2025-12-30T19:16:45.4886213Z 
2025-12-30T19:16:45.4886540Z #7 [frontend-build  2/10] WORKDIR /app/vitereact
2025-12-30T19:16:45.4887346Z #7 DONE 0.0s
2025-12-30T19:16:45.4887638Z 
2025-12-30T19:16:45.4887848Z #8 [stage-1 2/8] WORKDIR /app
2025-12-30T19:16:45.4888385Z #8 DONE 0.0s
2025-12-30T19:16:45.4888633Z 
2025-12-30T19:16:45.4888969Z #9 [frontend-build  3/10] COPY vitereact/package*.json ./
2025-12-30T19:16:45.4889543Z #9 DONE 0.0s
2025-12-30T19:16:45.4890021Z 
2025-12-30T19:16:45.4890323Z #10 [stage-1 3/8] COPY backend/package*.json ./backend/
2025-12-30T19:16:45.4890961Z #10 DONE 0.0s
2025-12-30T19:16:45.6566158Z 
2025-12-30T19:16:45.6567956Z #11 [stage-1 4/8] WORKDIR /app/backend
2025-12-30T19:16:45.6569051Z #11 DONE 0.0s
2025-12-30T19:16:45.6569637Z 
2025-12-30T19:16:45.6570049Z #12 [stage-1 5/8] RUN npm ci --production
2025-12-30T19:16:45.7624526Z #12 0.256 npm warn config production Use `--omit=dev` instead.
2025-12-30T19:16:48.8227989Z #12 3.316 
2025-12-30T19:16:48.8229652Z #12 3.316 added 159 packages, and audited 160 packages in 3s
2025-12-30T19:16:48.9662165Z #12 3.316 
2025-12-30T19:16:48.9662753Z #12 3.316 20 packages are looking for funding
2025-12-30T19:16:48.9663344Z #12 3.316   run `npm fund` for details
2025-12-30T19:16:48.9663862Z #12 3.317 
2025-12-30T19:16:48.9664509Z #12 3.317 found 0 vulnerabilities
2025-12-30T19:16:48.9664838Z #12 3.319 npm notice
2025-12-30T19:16:48.9665470Z #12 3.319 npm notice New major version of npm available! 10.8.2 -> 11.7.0
2025-12-30T19:16:48.9666407Z #12 3.319 npm notice Changelog: https://github.com/npm/cli/releases/tag/v11.7.0
2025-12-30T19:16:48.9667094Z #12 3.319 npm notice To update run: npm install -g npm@11.7.0
2025-12-30T19:16:48.9668066Z #12 3.319 npm notice
2025-12-30T19:16:48.9668501Z #12 DONE 3.5s
2025-12-30T19:16:48.9668732Z 
2025-12-30T19:16:48.9669022Z #13 [frontend-build  4/10] RUN npm ci --legacy-peer-deps
2025-12-30T19:16:48.9669788Z #13 0.894 npm warn EBADENGINE Unsupported engine ***
2025-12-30T19:16:48.9670535Z #13 0.894 npm warn EBADENGINE   package: 'lru-cache@11.2.4',
2025-12-30T19:16:48.9671614Z #13 0.894 npm warn EBADENGINE   required: *** node: '20 || >=22' ***,
2025-12-30T19:16:48.9672550Z #13 0.894 npm warn EBADENGINE   current: *** node: 'v18.20.8', npm: '10.8.2' ***
2025-12-30T19:16:48.9673292Z #13 0.894 npm warn EBADENGINE ***
2025-12-30T19:16:48.9673869Z #13 0.895 npm warn EBADENGINE Unsupported engine ***
2025-12-30T19:16:48.9674790Z #13 0.895 npm warn EBADENGINE   package: 'lru-cache@11.2.4',
2025-12-30T19:16:48.9675425Z #13 0.895 npm warn EBADENGINE   required: *** node: '20 || >=22' ***,
2025-12-30T19:16:48.9677069Z #13 0.895 npm warn EBADENGINE   current: *** node: 'v18.20.8', npm: '10.8.2' ***
2025-12-30T19:16:48.9677813Z #13 0.895 npm warn EBADENGINE ***
2025-12-30T19:16:48.9678184Z #13 0.897 npm warn EBADENGINE Unsupported engine ***
2025-12-30T19:16:48.9678616Z #13 0.897 npm warn EBADENGINE   package: '@exodus/bytes@1.6.0',
2025-12-30T19:16:48.9679109Z #13 0.897 npm warn EBADENGINE   required: *** node: '^20.19.0 || ^22.12.0 || >=24.0.0' ***,
2025-12-30T19:16:48.9679646Z #13 0.897 npm warn EBADENGINE   current: *** node: 'v18.20.8', npm: '10.8.2' ***
2025-12-30T19:16:48.9680079Z #13 0.897 npm warn EBADENGINE ***
2025-12-30T19:16:48.9680416Z #13 0.900 npm warn EBADENGINE Unsupported engine ***
2025-12-30T19:16:48.9681118Z #13 0.900 npm warn EBADENGINE   package: 'cssstyle@5.3.5',
2025-12-30T19:16:48.9681653Z #13 0.900 npm warn EBADENGINE   required: *** node: '>=20' ***,
2025-12-30T19:16:48.9682765Z #13 0.900 npm warn EBADENGINE   current: *** node: 'v18.20.8', npm: '10.8.2' ***
2025-12-30T19:16:48.9683511Z #13 0.900 npm warn EBADENGINE ***
2025-12-30T19:16:48.9684354Z #13 0.901 npm warn EBADENGINE Unsupported engine ***
2025-12-30T19:16:48.9685088Z #13 0.901 npm warn EBADENGINE   package: 'data-urls@6.0.0',
2025-12-30T19:16:48.9685693Z #13 0.901 npm warn EBADENGINE   required: *** node: '>=20' ***,
2025-12-30T19:16:48.9686344Z #13 0.901 npm warn EBADENGINE   current: *** node: 'v18.20.8', npm: '10.8.2' ***
2025-12-30T19:16:48.9686968Z #13 0.901 npm warn EBADENGINE ***
2025-12-30T19:16:48.9687794Z #13 0.902 npm warn EBADENGINE Unsupported engine ***
2025-12-30T19:16:48.9688701Z #13 0.902 npm warn EBADENGINE   package: 'html-encoding-sniffer@6.0.0',
2025-12-30T19:16:48.9689631Z #13 0.902 npm warn EBADENGINE   required: *** node: '^20.19.0 || ^22.12.0 || >=24.0.0' ***,
2025-12-30T19:16:48.9690362Z #13 0.902 npm warn EBADENGINE   current: *** node: 'v18.20.8', npm: '10.8.2' ***
2025-12-30T19:16:48.9690915Z #13 0.902 npm warn EBADENGINE ***
2025-12-30T19:16:48.9691265Z #13 0.902 npm warn EBADENGINE Unsupported engine ***
2025-12-30T19:16:48.9692350Z #13 0.902 npm warn EBADENGINE   package: 'jsdom@27.4.0',
2025-12-30T19:16:48.9693020Z #13 0.902 npm warn EBADENGINE   required: *** node: '^20.19.0 || ^22.12.0 || >=24.0.0' ***,
2025-12-30T19:16:48.9693818Z #13 0.902 npm warn EBADENGINE   current: *** node: 'v18.20.8', npm: '10.8.2' ***
2025-12-30T19:16:48.9695644Z #13 0.902 npm warn EBADENGINE ***
2025-12-30T19:16:48.9696367Z #13 0.905 npm warn EBADENGINE Unsupported engine ***
2025-12-30T19:16:48.9697257Z #13 0.905 npm warn EBADENGINE   package: 'tr46@6.0.0',
2025-12-30T19:16:48.9698317Z #13 0.905 npm warn EBADENGINE   required: *** node: '>=20' ***,
2025-12-30T19:16:48.9699626Z #13 0.905 npm warn EBADENGINE   current: *** node: 'v18.20.8', npm: '10.8.2' ***
2025-12-30T19:16:48.9700699Z #13 0.905 npm warn EBADENGINE ***
2025-12-30T19:16:48.9701475Z #13 0.905 npm warn EBADENGINE Unsupported engine ***
2025-12-30T19:16:48.9702263Z #13 0.905 npm warn EBADENGINE   package: 'vitest@4.0.16',
2025-12-30T19:16:48.9703164Z #13 0.905 npm warn EBADENGINE   required: *** node: '^20.0.0 || ^22.0.0 || >=24.0.0' ***,
2025-12-30T19:16:48.9704563Z #13 0.905 npm warn EBADENGINE   current: *** node: 'v18.20.8', npm: '10.8.2' ***
2025-12-30T19:16:48.9705353Z #13 0.905 npm warn EBADENGINE ***
2025-12-30T19:16:48.9705988Z #13 0.906 npm warn EBADENGINE Unsupported engine ***
2025-12-30T19:16:48.9706679Z #13 0.906 npm warn EBADENGINE   package: 'vite@7.3.0',
2025-12-30T19:16:48.9707473Z #13 0.906 npm warn EBADENGINE   required: *** node: '^20.19.0 || >=22.12.0' ***,
2025-12-30T19:16:48.9708657Z #13 0.906 npm warn EBADENGINE   current: *** node: 'v18.20.8', npm: '10.8.2' ***
2025-12-30T19:16:48.9709485Z #13 0.906 npm warn EBADENGINE ***
2025-12-30T19:16:48.9710124Z #13 0.906 npm warn EBADENGINE Unsupported engine ***
2025-12-30T19:16:48.9710897Z #13 0.906 npm warn EBADENGINE   package: 'webidl-conversions@8.0.0',
2025-12-30T19:16:48.9711806Z #13 0.906 npm warn EBADENGINE   required: *** node: '>=20' ***,
2025-12-30T19:16:48.9712776Z #13 0.906 npm warn EBADENGINE   current: *** node: 'v18.20.8', npm: '10.8.2' ***
2025-12-30T19:16:48.9713622Z #13 0.906 npm warn EBADENGINE ***
2025-12-30T19:16:48.9714476Z #13 0.906 npm warn EBADENGINE Unsupported engine ***
2025-12-30T19:16:48.9715194Z #13 0.906 npm warn EBADENGINE   package: 'whatwg-url@15.1.0',
2025-12-30T19:16:48.9715969Z #13 0.906 npm warn EBADENGINE   required: *** node: '>=20' ***,
2025-12-30T19:16:48.9716838Z #13 0.906 npm warn EBADENGINE   current: *** node: 'v18.20.8', npm: '10.8.2' ***
2025-12-30T19:16:48.9717648Z #13 0.906 npm warn EBADENGINE ***
2025-12-30T19:16:49.1562451Z #13 ...
2025-12-30T19:16:49.1562782Z 
2025-12-30T19:16:49.1563588Z #14 [stage-1 6/8] COPY backend ./
2025-12-30T19:16:49.1564520Z #14 DONE 0.0s
2025-12-30T19:16:49.1739490Z 
2025-12-30T19:16:49.1740285Z #15 [stage-1 7/8] RUN sed -i 's|FRONTEND_URL=.*|FRONTEND_URL=|g' .env 2>/dev/null || true
2025-12-30T19:16:49.1741038Z #15 DONE 0.2s
2025-12-30T19:16:49.1741293Z 
2025-12-30T19:16:49.1741570Z #13 [frontend-build  4/10] RUN npm ci --legacy-peer-deps
2025-12-30T19:16:54.5243309Z #13 9.035 
2025-12-30T19:16:54.5243870Z #13 9.035 added 516 packages, and audited 517 packages in 9s
2025-12-30T19:16:54.6845794Z #13 9.035 
2025-12-30T19:16:54.6846330Z #13 9.035 92 packages are looking for funding
2025-12-30T19:16:54.6846954Z #13 9.035   run `npm fund` for details
2025-12-30T19:16:54.6847486Z #13 9.044 
2025-12-30T19:16:54.6847888Z #13 9.044 2 moderate severity vulnerabilities
2025-12-30T19:16:54.6848380Z #13 9.044 
2025-12-30T19:16:54.6848935Z #13 9.044 To address all issues (including breaking changes), run:
2025-12-30T19:16:54.6849634Z #13 9.044   npm audit fix --force
2025-12-30T19:16:54.6850132Z #13 9.044 
2025-12-30T19:16:54.6850554Z #13 9.044 Run `npm audit` for details.
2025-12-30T19:16:54.6851073Z #13 9.045 npm notice
2025-12-30T19:16:54.6851677Z #13 9.045 npm notice New major version of npm available! 10.8.2 -> 11.7.0
2025-12-30T19:16:54.6852597Z #13 9.045 npm notice Changelog: https://github.com/npm/cli/releases/tag/v11.7.0
2025-12-30T19:16:54.6853421Z #13 9.045 npm notice To update run: npm install -g npm@11.7.0
2025-12-30T19:16:54.6853929Z #13 9.045 npm notice
2025-12-30T19:16:54.9366212Z #13 DONE 9.4s
2025-12-30T19:16:55.0938872Z 
2025-12-30T19:16:55.0939437Z #16 [frontend-build  5/10] COPY vitereact ./
2025-12-30T19:16:55.0940066Z #16 DONE 0.0s
2025-12-30T19:16:55.0940315Z 
2025-12-30T19:16:55.0941253Z #17 [frontend-build  6/10] RUN sed -i 's|VITE_API_BASE_URL=.*|VITE_API_BASE_URL=https://project-build-a-production-ready-w.launchpulse.ai|g' .env 2>/dev/null || true
2025-12-30T19:16:55.0942429Z #17 DONE 0.1s
2025-12-30T19:16:55.2459725Z 
2025-12-30T19:16:55.2460762Z #18 [frontend-build  7/10] RUN sed -i 's|VITE_BACKEND_URL=.*|VITE_BACKEND_URL=https://project-build-a-production-ready-w.launchpulse.ai|g' .env 2>/dev/null || true
2025-12-30T19:16:55.2643368Z #18 DONE 0.2s
2025-12-30T19:16:55.3936769Z 
2025-12-30T19:16:55.3941557Z #19 [frontend-build  8/10] RUN echo 'VITE_API_BASE_URL=https://project-build-a-production-ready-w.launchpulse.ai' > .env.production.local && echo 'VITE_BACKEND_URL=https://project-build-a-production-ready-w.launchpulse.ai' >> .env.production.local
2025-12-30T19:16:55.3943734Z #19 DONE 0.1s
2025-12-30T19:16:55.5448724Z 
2025-12-30T19:16:55.5449519Z #20 [frontend-build  9/10] RUN npm run build
2025-12-30T19:16:55.6286135Z #20 0.234 
2025-12-30T19:16:55.6286607Z #20 0.234 > conductor@0.0.0 build
2025-12-30T19:16:55.6287125Z #20 0.234 > vite build
2025-12-30T19:16:55.6287554Z #20 0.234 
2025-12-30T19:16:55.8118429Z #20 0.417 vite v5.4.21 building for production...
2025-12-30T19:16:56.1091281Z #20 0.715 transforming...
2025-12-30T19:17:02.4199682Z #20 7.025 âœ“ 2566 modules transformed.
2025-12-30T19:17:03.1590446Z #20 7.764 rendering chunks...
2025-12-30T19:17:03.3278965Z #20 7.787 computing gzip size...
2025-12-30T19:17:03.3280064Z #20 7.831 public/index.html                     0.83 kB â”‚ gzip:   0.53 kB
2025-12-30T19:17:03.3281062Z #20 7.831 public/assets/index-BvRza81E.css    104.95 kB â”‚ gzip:  15.52 kB
2025-12-30T19:17:03.3282028Z #20 7.831 public/assets/index-KkHR8uHM.js   1,909.94 kB â”‚ gzip: 443.20 kB
2025-12-30T19:17:03.3282517Z #20 7.831 
2025-12-30T19:17:03.3282954Z #20 7.831 (!) Some chunks are larger than 500 kB after minification. Consider:
2025-12-30T19:17:03.3283527Z #20 7.831 - Using dynamic import() to code-split the application
2025-12-30T19:17:03.3285080Z #20 7.831 - Use build.rollupOptions.output.manualChunks to improve chunking: https://rollupjs.org/configuration-options/#output-manualchunks
2025-12-30T19:17:03.3286263Z #20 7.831 - Adjust chunk size limit for this warning via build.chunkSizeWarningLimit.
2025-12-30T19:17:03.3286806Z #20 7.831 âœ“ built in 7.39s
2025-12-30T19:17:03.3287074Z #20 DONE 7.9s
2025-12-30T19:17:03.4580414Z 
2025-12-30T19:17:03.4581339Z #21 [frontend-build 10/10] RUN if [ -d "dist" ]; then mv dist build; elif [ -d "public" ]; then mv public build; fi
2025-12-30T19:17:03.4582248Z #21 DONE 0.1s
2025-12-30T19:17:03.9024496Z 
2025-12-30T19:17:03.9025210Z #22 [stage-1 8/8] COPY --from=frontend-build /app/vitereact/build ./public
2025-12-30T19:17:04.0747362Z #22 DONE 0.0s
2025-12-30T19:17:04.0747893Z 
2025-12-30T19:17:04.0748278Z #23 exporting to image
2025-12-30T19:17:04.0748774Z #23 exporting layers
2025-12-30T19:17:05.1750283Z #23 exporting layers 1.3s done
2025-12-30T19:17:05.2059937Z #23 writing image sha256:d7a26cfc74cc6b1339dfb406db46949970ab893629bf7ea0387facc72d7f5d72 done
2025-12-30T19:17:05.2061541Z #23 naming to gcr.io/***/project-build-a-production-ready-w:e07d9cba0b903529f9a5c37c71b6d4cf086e3a3e done
2025-12-30T19:17:05.2062582Z #23 DONE 1.3s
2025-12-30T19:17:05.2321882Z ##[group]Run docker push gcr.io/$PROJECT_ID/$SERVICE_NAME:e07d9cba0b903529f9a5c37c71b6d4cf086e3a3e
2025-12-30T19:17:05.2322603Z [36;1mdocker push gcr.io/$PROJECT_ID/$SERVICE_NAME:e07d9cba0b903529f9a5c37c71b6d4cf086e3a3e[0m
2025-12-30T19:17:05.2323150Z [36;1mdocker push gcr.io/$PROJECT_ID/$SERVICE_NAME:latest[0m
2025-12-30T19:17:05.2355359Z shell: /usr/bin/bash -e ***0***
2025-12-30T19:17:05.2355674Z env:
2025-12-30T19:17:05.2355931Z   PROJECT_ID: ***
2025-12-30T19:17:05.2356250Z   SERVICE_NAME: project-build-a-production-ready-w
2025-12-30T19:17:05.2356622Z   REGION: us-central1
2025-12-30T19:17:05.2357338Z   CLOUDSDK_AUTH_CREDENTIAL_FILE_OVERRIDE: /home/runner/work/project-build-a-production-ready-w/project-build-a-production-ready-w/gha-creds-4a8e62630bc3634e.json
2025-12-30T19:17:05.2358486Z   GOOGLE_APPLICATION_CREDENTIALS: /home/runner/work/project-build-a-production-ready-w/project-build-a-production-ready-w/gha-creds-4a8e62630bc3634e.json
2025-12-30T19:17:05.2359556Z   GOOGLE_GHA_CREDS_PATH: /home/runner/work/project-build-a-production-ready-w/project-build-a-production-ready-w/gha-creds-4a8e62630bc3634e.json
2025-12-30T19:17:05.2360244Z   CLOUDSDK_CORE_PROJECT: ***
2025-12-30T19:17:05.2360559Z   CLOUDSDK_PROJECT: ***
2025-12-30T19:17:05.2360850Z   GCLOUD_PROJECT: ***
2025-12-30T19:17:05.2361120Z   GCP_PROJECT: ***
2025-12-30T19:17:05.2361402Z   GOOGLE_CLOUD_PROJECT: ***
2025-12-30T19:17:05.2361754Z   CLOUDSDK_METRICS_ENVIRONMENT: github-actions-setup-gcloud
2025-12-30T19:17:05.2362158Z   CLOUDSDK_METRICS_ENVIRONMENT_VERSION: 2.2.1
2025-12-30T19:17:05.2362662Z ##[endgroup]
2025-12-30T19:17:06.0118461Z The push refers to repository [gcr.io/***/project-build-a-production-ready-w]
2025-12-30T19:17:06.1011836Z 5076d5acba53: Preparing
2025-12-30T19:17:06.1012424Z 1dd73d815513: Preparing
2025-12-30T19:17:06.1012982Z ce6457fb77e6: Preparing
2025-12-30T19:17:06.1013511Z 3b71150e0868: Preparing
2025-12-30T19:17:06.1014232Z 5f70bf18a086: Preparing
2025-12-30T19:17:06.1014764Z 542a786ba576: Preparing
2025-12-30T19:17:06.1015226Z 249c1ccd26cb: Preparing
2025-12-30T19:17:06.1015554Z e1e93a4fa4fd: Preparing
2025-12-30T19:17:06.1015881Z 9b95ddc8a140: Preparing
2025-12-30T19:17:06.1016204Z cd1cd7c2e57b: Preparing
2025-12-30T19:17:06.1016521Z 206f13f5e317: Preparing
2025-12-30T19:17:06.1016840Z ace34d1d784c: Preparing
2025-12-30T19:17:06.1017155Z 542a786ba576: Waiting
2025-12-30T19:17:06.1017468Z 249c1ccd26cb: Waiting
2025-12-30T19:17:06.1017779Z 9b95ddc8a140: Waiting
2025-12-30T19:17:06.1018091Z e1e93a4fa4fd: Waiting
2025-12-30T19:17:06.1018411Z cd1cd7c2e57b: Waiting
2025-12-30T19:17:06.1018727Z 206f13f5e317: Waiting
2025-12-30T19:17:06.1019038Z ace34d1d784c: Waiting
2025-12-30T19:17:06.8373011Z 1dd73d815513: Pushed
2025-12-30T19:17:06.8945100Z 5f70bf18a086: Pushed
2025-12-30T19:17:06.9691851Z 5076d5acba53: Pushed
2025-12-30T19:17:07.0202983Z ce6457fb77e6: Pushed
2025-12-30T19:17:07.0793956Z e1e93a4fa4fd: Layer already exists
2025-12-30T19:17:07.1389683Z 9b95ddc8a140: Layer already exists
2025-12-30T19:17:07.2210037Z cd1cd7c2e57b: Layer already exists
2025-12-30T19:17:07.2680760Z 206f13f5e317: Layer already exists
2025-12-30T19:17:07.3418927Z ace34d1d784c: Layer already exists
2025-12-30T19:17:07.5855583Z 542a786ba576: Pushed
2025-12-30T19:17:07.5948944Z 249c1ccd26cb: Pushed
2025-12-30T19:17:09.5955309Z 3b71150e0868: Pushed
2025-12-30T19:17:10.6087503Z e07d9cba0b903529f9a5c37c71b6d4cf086e3a3e: digest: sha256:5c05f2afd1fa48230246e1b5fef93899b9b4e6c523fd0d5517ad4a560292c03b size: 2828
2025-12-30T19:17:11.1361862Z The push refers to repository [gcr.io/***/project-build-a-production-ready-w]
2025-12-30T19:17:11.2075846Z 5076d5acba53: Preparing
2025-12-30T19:17:11.2076608Z 1dd73d815513: Preparing
2025-12-30T19:17:11.2077121Z ce6457fb77e6: Preparing
2025-12-30T19:17:11.2077573Z 3b71150e0868: Preparing
2025-12-30T19:17:11.2078003Z 5f70bf18a086: Preparing
2025-12-30T19:17:11.2078507Z 542a786ba576: Preparing
2025-12-30T19:17:11.2079014Z 249c1ccd26cb: Preparing
2025-12-30T19:17:11.2079913Z e1e93a4fa4fd: Preparing
2025-12-30T19:17:11.2080412Z 9b95ddc8a140: Preparing
2025-12-30T19:17:11.2080878Z cd1cd7c2e57b: Preparing
2025-12-30T19:17:11.2081216Z 206f13f5e317: Preparing
2025-12-30T19:17:11.2081500Z ace34d1d784c: Preparing
2025-12-30T19:17:11.2081766Z 542a786ba576: Waiting
2025-12-30T19:17:11.2082025Z 249c1ccd26cb: Waiting
2025-12-30T19:17:11.2082280Z e1e93a4fa4fd: Waiting
2025-12-30T19:17:11.2082524Z 9b95ddc8a140: Waiting
2025-12-30T19:17:11.2082771Z cd1cd7c2e57b: Waiting
2025-12-30T19:17:11.2083012Z 206f13f5e317: Waiting
2025-12-30T19:17:11.2083261Z ace34d1d784c: Waiting
2025-12-30T19:17:11.4186999Z 5f70bf18a086: Layer already exists
2025-12-30T19:17:11.4210072Z 3b71150e0868: Layer already exists
2025-12-30T19:17:11.4407534Z 5076d5acba53: Layer already exists
2025-12-30T19:17:11.4429851Z 1dd73d815513: Layer already exists
2025-12-30T19:17:11.4456044Z ce6457fb77e6: Layer already exists
2025-12-30T19:17:11.5400709Z cd1cd7c2e57b: Layer already exists
2025-12-30T19:17:11.5426782Z 542a786ba576: Layer already exists
2025-12-30T19:17:11.5556518Z e1e93a4fa4fd: Layer already exists
2025-12-30T19:17:11.5563542Z 249c1ccd26cb: Layer already exists
2025-12-30T19:17:11.5717749Z 9b95ddc8a140: Layer already exists
2025-12-30T19:17:11.6514666Z ace34d1d784c: Layer already exists
2025-12-30T19:17:11.6910962Z 206f13f5e317: Layer already exists
2025-12-30T19:17:11.9866882Z latest: digest: sha256:5c05f2afd1fa48230246e1b5fef93899b9b4e6c523fd0d5517ad4a560292c03b size: 2828
2025-12-30T19:17:11.9913828Z ##[group]Run # Get the Cloud Run service URL after deployment
2025-12-30T19:17:11.9914796Z [36;1m# Get the Cloud Run service URL after deployment[0m
2025-12-30T19:17:11.9915456Z [36;1mSERVICE_URL=$(gcloud run services describe $SERVICE_NAME --region=$REGION --format='value(status.url)' 2>/dev/null || echo "")[0m
2025-12-30T19:17:11.9916034Z [36;1m[0m
2025-12-30T19:17:11.9916407Z [36;1m# Deploy with production environment variables injected at runtime[0m
2025-12-30T19:17:11.9916924Z [36;1m# This preserves tunnel URLs in GitHub for browser agent testing[0m
2025-12-30T19:17:11.9918491Z [36;1mgcloud run deploy $SERVICE_NAME             --image gcr.io/$PROJECT_ID/$SERVICE_NAME:e07d9cba0b903529f9a5c37c71b6d4cf086e3a3e             --region $REGION             --platform managed             --allow-unauthenticated             --port 8080             --memory 512Mi             --cpu 1             --min-instances 0             --max-instances 10             --set-env-vars "NODE_ENV=production"             --set-env-vars "HOST=0.0.0.0"             --set-env-vars "SINGLE_SERVER_MODE=true"             --set-env-vars "FRONTEND_URL=*"[0m
2025-12-30T19:17:11.9919891Z [36;1m[0m
2025-12-30T19:17:11.9920139Z [36;1m# Get the final service URL[0m
2025-12-30T19:17:11.9920666Z [36;1mDEPLOYED_URL=$(gcloud run services describe $SERVICE_NAME --region=$REGION --format='value(status.url)')[0m
2025-12-30T19:17:11.9921264Z [36;1mecho "deployed_url=$DEPLOYED_URL" >> $GITHUB_OUTPUT[0m
2025-12-30T19:17:11.9921662Z [36;1mecho "âœ… Deployed to: $DEPLOYED_URL"[0m
2025-12-30T19:17:11.9953501Z shell: /usr/bin/bash -e ***0***
2025-12-30T19:17:11.9953807Z env:
2025-12-30T19:17:11.9954266Z   PROJECT_ID: ***
2025-12-30T19:17:11.9954588Z   SERVICE_NAME: project-build-a-production-ready-w
2025-12-30T19:17:11.9954955Z   REGION: us-central1
2025-12-30T19:17:11.9955678Z   CLOUDSDK_AUTH_CREDENTIAL_FILE_OVERRIDE: /home/runner/work/project-build-a-production-ready-w/project-build-a-production-ready-w/gha-creds-4a8e62630bc3634e.json
2025-12-30T19:17:11.9956797Z   GOOGLE_APPLICATION_CREDENTIALS: /home/runner/work/project-build-a-production-ready-w/project-build-a-production-ready-w/gha-creds-4a8e62630bc3634e.json
2025-12-30T19:17:11.9957846Z   GOOGLE_GHA_CREDS_PATH: /home/runner/work/project-build-a-production-ready-w/project-build-a-production-ready-w/gha-creds-4a8e62630bc3634e.json
2025-12-30T19:17:11.9958525Z   CLOUDSDK_CORE_PROJECT: ***
2025-12-30T19:17:11.9958826Z   CLOUDSDK_PROJECT: ***
2025-12-30T19:17:11.9959106Z   GCLOUD_PROJECT: ***
2025-12-30T19:17:11.9959373Z   GCP_PROJECT: ***
2025-12-30T19:17:11.9959649Z   GOOGLE_CLOUD_PROJECT: ***
2025-12-30T19:17:11.9960002Z   CLOUDSDK_METRICS_ENVIRONMENT: github-actions-setup-gcloud
2025-12-30T19:17:11.9960410Z   CLOUDSDK_METRICS_ENVIRONMENT_VERSION: 2.2.1
2025-12-30T19:17:11.9960727Z ##[endgroup]
2025-12-30T19:17:14.7869471Z Deploying container to Cloud Run service [project-build-a-production-ready-w] in project [***] region [us-central1]
2025-12-30T19:17:14.7870485Z Deploying...
2025-12-30T19:17:14.9759157Z failed
2025-12-30T19:17:14.9759638Z Deployment failed
2025-12-30T19:17:14.9939809Z ERROR: (gcloud.run.deploy) ABORTED: Conflict for resource 'project-build-a-production-ready-w': version '1767122234333517' was specified but current version is '1767122234855271'.
2025-12-30T19:17:15.1120140Z ##[error]Process completed with exit code 1.
2025-12-30T19:17:15.1235817Z Post job cleanup.
2025-12-30T19:17:15.2051291Z Removed exported credentials at "/home/runner/work/project-build-a-production-ready-w/project-build-a-production-ready-w/gha-creds-4a8e62630bc3634e.json".
2025-12-30T19:17:15.2167771Z Post job cleanup.
2025-12-30T19:17:15.3119836Z [command]/usr/bin/git version
2025-12-30T19:17:15.3171796Z git version 2.52.0
2025-12-30T19:17:15.3233485Z Temporarily overriding HOME='/home/runner/work/_temp/96cc5c51-0f5a-4ac0-a828-b7c58753dfc8' before making global git config changes
2025-12-30T19:17:15.3234859Z Adding repository directory to the temporary git global config as a safe directory
2025-12-30T19:17:15.3251260Z [command]/usr/bin/git config --global --add safe.directory /home/runner/work/project-build-a-production-ready-w/project-build-a-production-ready-w
2025-12-30T19:17:15.3291657Z [command]/usr/bin/git config --local --name-only --get-regexp core\.sshCommand
2025-12-30T19:17:15.3329366Z [command]/usr/bin/git submodule foreach --recursive sh -c "git config --local --name-only --get-regexp 'core\.sshCommand' && git config --local --unset-all 'core.sshCommand' || :"
2025-12-30T19:17:15.3576597Z [command]/usr/bin/git config --local --name-only --get-regexp http\.https\:\/\/github\.com\/\.extraheader
2025-12-30T19:17:15.3598412Z http.https://github.com/.extraheader
2025-12-30T19:17:15.3613473Z [command]/usr/bin/git config --local --unset-all http.https://github.com/.extraheader
2025-12-30T19:17:15.3646814Z [command]/usr/bin/git submodule foreach --recursive sh -c "git config --local --name-only --get-regexp 'http\.https\:\/\/github\.com\/\.extraheader' && git config --local --unset-all 'http.https://github.com/.extraheader' || :"
2025-12-30T19:17:15.3885568Z [command]/usr/bin/git config --local --name-only --get-regexp ^includeIf\.gitdir:
2025-12-30T19:17:15.3918063Z [command]/usr/bin/git submodule foreach --recursive git config --local --show-origin --name-only --get-regexp remote.origin.url
2025-12-30T19:17:15.4251236Z Evaluate and set job outputs
2025-12-30T19:17:15.4257593Z Cleaning up orphan processes

```

Important: After applying fixes, do not attempt to build the project yourself. The build and deployment process is managed externally.